###############################################################################
#
# IAR ELF Linker V8.50.9.278/W32 for ARM                  31/Mar/2021  21:56:42
# Copyright 2007-2020 IAR Systems AB.
#
#    Output file  =
#        C:\Sis_embarcados\rtos\EK-TM4C1294_RTOS_IAR8-master\Projects\prodcons\ewarm\Exe\prodcons.out
#    Map file     =
#        C:\Sis_embarcados\rtos\EK-TM4C1294_RTOS_IAR8-master\Projects\prodcons\ewarm\List\prodcons.map
#    Command line =
#        -f C:\Users\vinic\AppData\Local\Temp\EW8FF9.tmp
#        (C:\Sis_embarcados\rtos\EK-TM4C1294_RTOS_IAR8-master\Projects\prodcons\ewarm\Obj\driverleds.o
#        C:\Sis_embarcados\rtos\EK-TM4C1294_RTOS_IAR8-master\TivaWare_C_Series-2.1.4.178\driverlib\ewarm\Exe\driverlib.a
#        C:\Sis_embarcados\rtos\EK-TM4C1294_RTOS_IAR8-master\Projects\prodcons\ewarm\Obj\prodcons.o
#        C:\Sis_embarcados\rtos\EK-TM4C1294_RTOS_IAR8-master\CMSIS-5.6.0\CMSIS\RTOS2\RTX\Library\IAR\IDE\CM4F\Exe\RTX_CM.a
#        C:\Sis_embarcados\rtos\EK-TM4C1294_RTOS_IAR8-master\Projects\prodcons\ewarm\Obj\RTX_Config.o
#        C:\Sis_embarcados\rtos\EK-TM4C1294_RTOS_IAR8-master\Projects\prodcons\ewarm\Obj\rtx_lib.o
#        C:\Sis_embarcados\rtos\EK-TM4C1294_RTOS_IAR8-master\Projects\prodcons\ewarm\Obj\startup_TM4C1294.o
#        C:\Sis_embarcados\rtos\EK-TM4C1294_RTOS_IAR8-master\Projects\prodcons\ewarm\Obj\system_TM4C1294_TW.o
#        --no_out_extension -o
#        C:\Sis_embarcados\rtos\EK-TM4C1294_RTOS_IAR8-master\Projects\prodcons\ewarm\Exe\prodcons.out
#        --map
#        C:\Sis_embarcados\rtos\EK-TM4C1294_RTOS_IAR8-master\Projects\prodcons\ewarm\List\prodcons.map
#        --config "C:\Program Files (x86)\IAR Systems\Embedded Workbench
#        8.4\arm\config\linker\TexasInstruments\TM4C1294NC.icf" --semihosting
#        --entry __iar_program_start --vfe --text_out locale)
#
###############################################################################

*******************************************************************************
*** MESSAGES
***

Warning[Lt009]: Inconsistent wchar_t size
            gpio.o(driverlib.a) and 3 other objects in driverlib.a have wchar_t
                      size 16 bits
            driverleds.o and 29 other objects, some of them in RTX_CM.a and 14
                      other libraries have wchar_t size 32 bits


*******************************************************************************
*** RUNTIME MODEL ATTRIBUTES
***

CppFlavor       = *
__SystemLibrary = DLib
__dlib_version  = 6


*******************************************************************************
*** HEAP SELECTION
***

The basic heap was selected because some modules are built with
size limitations (and not runtime checking), and --advanced_heap
was not specified.


*******************************************************************************
*** PLACEMENT SUMMARY
***

"A0":  place at address 0x0 { ro section .intvec };
"P1":  place in [from 0x0 to 0xf'ffff] { ro };
define block CSTACK with size = 32K, alignment = 8 { };
define block HEAP with size = 64K, alignment = 8 { };
"P2":  place in [from 0x2000'0000 to 0x2003'ffff] {
          rw, block CSTACK, block HEAP };
initialize by copy { rw };

  Section               Kind         Address    Size  Object
  -------               ----         -------    ----  ------
"A0":                                          0x3c0
  .intvec               ro code          0x0   0x3c0  startup_TM4C1294.o [1]
                                     - 0x3c0   0x3c0

"P1":                                         0x29ad
  .text                 ro code        0x3c0   0x768  rtx_thread.o [2]
  .text                 ro code        0xb28     0x2  rtx_evr.o [2]
  .text                 ro code        0xb2a     0x2  rtx_evr.o [2]
  .text                 ro code        0xb2c     0x2  rtx_evr.o [2]
  .text                 ro code        0xb2e     0x2  rtx_evr.o [2]
  .text                 ro code        0xb30     0x2  rtx_evr.o [2]
  .text                 ro code        0xb32     0x2  rtx_evr.o [2]
  .text                 ro code        0xb34     0x2  rtx_evr.o [2]
  .text                 ro code        0xb36     0x2  rtx_evr.o [2]
  .text                 ro code        0xb38     0x2  rtx_evr.o [2]
  .text                 ro code        0xb3a     0x2  rtx_evr.o [2]
  .text                 ro code        0xb3c     0x2  rtx_evr.o [2]
  .text                 ro code        0xb3e     0x2  rtx_evr.o [2]
  .text                 ro code        0xb40     0x2  rtx_evr.o [2]
  .text                 ro code        0xb42    0x3a  zero_init3.o [5]
  .text                 ro code        0xb7c    0xe6  rtx_mempool.o [2]
  .text                 ro code        0xc62     0x2  rtx_evr.o [2]
  .text                 ro code        0xc64    0x82  rtx_memory.o [2]
  .text                 ro code        0xce6     0x2  RTX_Config.o [1]
  .text                 ro code        0xce8     0x6  ABImemclr4.o [5]
  .text                 ro code        0xcee     0x2  rtx_evr.o [2]
  .text                 ro code        0xcf0    0x4a  rtx_memory.o [2]
  .text                 ro code        0xd3a     0x2  startup_TM4C1294.o [1]
  .text                 ro code        0xd3c    0x52  rtx_mutex.o [2]
  .text                 ro code        0xd8e     0x2  rtx_evr.o [2]
  .text                 ro code        0xd90     0x2  rtx_evr.o [2]
  .text                 ro code        0xd92     0x2  rtx_evr.o [2]
  .text                 ro code        0xd94     0x2  rtx_evr.o [2]
  .text                 ro code        0xd96     0x2  RTX_Config.o [1]
  .text                 ro code        0xd98     0x2  rtx_evr.o [2]
  .text                 ro code        0xd9a     0x2  rtx_evr.o [2]
  .text                 ro code        0xd9c     0x2  rtx_evr.o [2]
  .text                 ro code        0xd9e     0x2  rtx_evr.o [2]
  .text                 ro code        0xda0    0x32  ABImemset48.o [5]
  .text                 ro code        0xdd2     0x2  rtx_evr.o [2]
  .text                 ro code        0xdd4     0x2  rtx_evr.o [2]
  .text                 ro code        0xdd6     0x2  rtx_evr.o [2]
  .text                 ro code        0xdd8   0x61c  rtx_msgqueue.o [2]
  .text                 ro code       0x13f4    0xa6  ABImemcpy.o [5]
  .text                 ro code       0x149a     0x2  rtx_evr.o [2]
  .text                 ro code       0x149c     0x2  rtx_evr.o [2]
  .text                 ro code       0x149e     0x2  rtx_evr.o [2]
  .text                 ro code       0x14a0     0x6  ABImemclr.o [5]
  .text                 ro code       0x14a6     0x2  rtx_evr.o [2]
  .text                 ro code       0x14a8     0x2  rtx_evr.o [2]
  .text                 ro code       0x14aa     0x2  rtx_evr.o [2]
  .text                 ro code       0x14ac     0x2  rtx_evr.o [2]
  .text                 ro code       0x14ae     0x2  rtx_evr.o [2]
  .text                 ro code       0x14b0     0x2  rtx_evr.o [2]
  .text                 ro code       0x14b2     0x2  rtx_evr.o [2]
  .text                 ro code       0x14b4   0x174  rtx_system.o [2]
  .text                 ro code       0x1628     0x2  rtx_evr.o [2]
  .text                 ro code       0x162a     0x2  rtx_evr.o [2]
  .text                 ro code       0x162c    0x5e  ABImemset.o [5]
  .text                 ro code       0x168c     0xc  os_systick.o [2]
  .text                 ro code       0x1698   0x4e0  sysctl.o [4]
  .text                 ro code       0x1b78   0x3ec  gpio.o [4]
  .text                 ro code       0x1f64    0xa0  interrupt.o [4]
  .text                 ro code       0x2004   0x330  rtx_semaphore.o [2]
  .text                 ro code       0x2334     0x2  rtx_evr.o [2]
  .text                 ro code       0x2336     0x2  rtx_evr.o [2]
  .text                 ro code       0x2338     0x2  rtx_evr.o [2]
  .text                 ro code       0x233a     0x2  rtx_evr.o [2]
  .text                 ro code       0x233c     0x2  rtx_evr.o [2]
  .text                 ro code       0x233e     0x2  rtx_evr.o [2]
  .text                 ro code       0x2340     0x2  rtx_evr.o [2]
  .text                 ro code       0x2342     0x2  rtx_evr.o [2]
  .text                 ro code       0x2344     0x2  rtx_evr.o [2]
  .text                 ro code       0x2348   0x294  rtx_kernel.o [2]
  .text                 ro code       0x25dc     0x2  rtx_evr.o [2]
  .text                 ro code       0x25de    0x44  rtx_memory.o [2]
  .text                 ro code       0x2622     0x2  rtx_evr.o [2]
  .text                 ro code       0x2624     0x2  rtx_evr.o [2]
  .text                 ro code       0x2628    0x40  os_systick.o [2]
  .text                 ro code       0x2668     0x6  os_systick.o [2]
  .text                 ro code       0x2670    0x2c  os_systick.o [2]
  .text                 ro code       0x269c     0x2  rtx_evr.o [2]
  .text                 ro code       0x269e     0x2  rtx_lib.o [1]
  .text                 ro code       0x26a0     0x2  rtx_evr.o [2]
  .text                 ro code       0x26a2     0x2  rtx_evr.o [2]
  .text                 ro code       0x26a4     0x2  rtx_evr.o [2]
  .text                 ro code       0x26a8   0x18c  prodcons.o [1]
  .text                 ro code       0x2834    0x64  rtx_delay.o [2]
  .text                 ro code       0x2898   0x134  driverleds.o [1]
  .text                 ro code       0x29cc    0x2c  system_TM4C1294_TW.o [1]
  .text                 ro code       0x29f8     0x2  rtx_evr.o [2]
  .text                 ro code       0x29fa     0x2  rtx_evr.o [2]
  .text                 ro code       0x29fc     0x2  rtx_evr.o [2]
  .text                 ro code       0x2a00    0xd4  rtx_timer.o [2]
  .text                 ro code       0x2ad4     0x2  rtx_evr.o [2]
  .text                 ro code       0x2ad8    0xc4  irq_cm4f.o [2]
  .rodata               const         0x2b9c    0x68  rtx_lib.o [1]
  .text                 ro code       0x2c04    0x38  packbits_init_single.o [5]
  .text                 ro code       0x2c3c    0x28  data_init.o [5]
  .rodata               const         0x2c64    0x24  rtx_lib.o [1]
  .rodata               const         0x2c88    0x24  rtx_lib.o [1]
  .iar.init_table       const         0x2cac    0x20  - Linker created -
  .text                 ro code       0x2ccc    0x1e  cmain.o [5]
  .text                 ro code       0x2cea     0x4  low_level_init.o [3]
  .text                 ro code       0x2cee     0x4  exit.o [3]
  .text                 ro code       0x2cf4     0xa  cexit.o [5]
  .text                 ro code       0x2d00    0x14  exit.o [6]
  .text                 ro code       0x2d14    0x1c  cstartup_M.o [5]
  .text                 ro code       0x2d30    0x14  startup_TM4C1294.o [1]
  .rodata               const         0x2d44    0x18  rtx_lib.o [1]
  .rodata               const         0x2d5c     0x4  rtx_lib.o [1]
  .rodata               const         0x2d60     0x0  zero_init3.o [5]
  .rodata               const         0x2d60     0x0  packbits_init_single.o [5]
  Initializer bytes     const         0x2d60     0xd  <for P2-1>
                                    - 0x2d6d  0x29ad

"P2", part 1 of 3:                              0xa4
  P2-1                           0x2000'0000    0xa4  <Init block>
    .data.os            inited   0x2000'0000    0xa4  rtx_kernel.o [2]
                               - 0x2000'00a4    0xa4

"P2", part 2 of 3:                            0x1934
  .bss.os               zero     0x2000'00a8  0x1000  rtx_lib.o [1]
  VTABLE                zero     0x2000'1400   0x26c  interrupt.o [4]
  .bss.os.thread.cb     zero     0x2000'166c    0x44  rtx_lib.o [1]
  .bss.os.thread.stack  zero     0x2000'16b0   0x100  rtx_lib.o [1]
  .bss.os.thread.stack  zero     0x2000'17b0   0x100  rtx_lib.o [1]
  .bss.os.msgqueue.mem  zero     0x2000'18b0    0x50  rtx_lib.o [1]
  .bss.os.thread.cb     zero     0x2000'1900    0x44  rtx_lib.o [1]
  .bss.os               zero     0x2000'1944    0x40  rtx_lib.o [1]
  .bss.os.msgqueue.cb   zero     0x2000'1984    0x34  rtx_lib.o [1]
  .bss                  zero     0x2000'19b8    0x1c  prodcons.o [1]
  .bss                  zero     0x2000'19d4     0x1  os_systick.o [2]
                               - 0x2000'19d5  0x1931

"P2", part 3 of 3:                            0x8008
  .noinit               uninit   0x2000'19d8     0x4  system_TM4C1294_TW.o [1]
  CSTACK                         0x2000'19e0  0x8000  <Block>
    CSTACK              uninit   0x2000'19e0  0x8000  <Block tail>
                               - 0x2000'99e0  0x8008

Unused ranges:

         From           To      Size
         ----           --      ----
       0x2d6d     0xf'ffff  0xf'd293
  0x2000'99e0  0x2003'ffff  0x3'6620


*******************************************************************************
*** INIT TABLE
***

          Address      Size
          -------      ----
Zero (__iar_zero_init3)
    1 destination range, total size 0x192d:
          0x2000'00a8  0x192d

Copy/packbits (__iar_packbits_init_single3)
    1 source range, total size 0xd (7% of destination):
               0x2d60     0xd
    1 destination range, total size 0xa4:
          0x2000'0000    0xa4



*******************************************************************************
*** MODULE SUMMARY
***

    Module                  ro code  ro data  rw data
    ------                  -------  -------  -------
command line/config:
    -------------------------------------------------
    Total:

C:\Sis_embarcados\rtos\EK-TM4C1294_RTOS_IAR8-master\Projects\prodcons\ewarm\Obj: [1]
    RTX_Config.o                  4
    driverleds.o                308
    prodcons.o                  396                28
    rtx_lib.o                     2      204    4'940
    startup_TM4C1294.o          982
    system_TM4C1294_TW.o         44                 4
    -------------------------------------------------
    Total:                    1'736      204    4'972

RTX_CM.a: [2]
    irq_cm4f.o                  196
    os_systick.o                126                 1
    rtx_delay.o                 100
    rtx_evr.o                   116
    rtx_kernel.o                660       13      164
    rtx_memory.o                272
    rtx_mempool.o               230
    rtx_msgqueue.o            1'564
    rtx_mutex.o                  82
    rtx_semaphore.o             816
    rtx_system.o                372
    rtx_thread.o              1'896
    rtx_timer.o                 212
    -------------------------------------------------
    Total:                    6'642       13      165

dl7M_tln.a: [3]
    exit.o                        4
    low_level_init.o              4
    -------------------------------------------------
    Total:                        8

driverlib.a: [4]
    gpio.o                    1'004
    interrupt.o                 160               620
    sysctl.o                  1'248
    -------------------------------------------------
    Total:                    2'412               620

rt7M_tl.a: [5]
    ABImemclr.o                   6
    ABImemclr4.o                  6
    ABImemcpy.o                 166
    ABImemset.o                  94
    ABImemset48.o                50
    cexit.o                      10
    cmain.o                      30
    cstartup_M.o                 28
    data_init.o                  40
    packbits_init_single.o       56
    zero_init3.o                 58
    -------------------------------------------------
    Total:                      544

shb_l.a: [6]
    exit.o                       20
    -------------------------------------------------
    Total:                       20

    Gaps                         18               860
    Linker created                        32   32'768
-----------------------------------------------------
    Grand Total:             11'380      249   39'385


*******************************************************************************
*** ENTRY LIST
***

Entry                       Address    Size  Type      Object
-----                       -------    ----  ----      ------
.iar.init_table$$Base        0x2cac           --   Gb  - Linker created -
.iar.init_table$$Limit       0x2ccc           --   Gb  - Linker created -
?main                        0x2ccd          Code  Gb  cmain.o [5]
CSTACK$$Base            0x2000'19e0           --   Gb  - Linker created -
CSTACK$$Limit           0x2000'99e0           --   Gb  - Linker created -
EvrRtxDelay                  0x29fb     0x2  Code  Wk  rtx_evr.o [2]
EvrRtxDelayCompleted          0xb29     0x2  Code  Wk  rtx_evr.o [2]
EvrRtxDelayError             0x29fd     0x2  Code  Wk  rtx_evr.o [2]
EvrRtxDelayStarted           0x29f9     0x2  Code  Wk  rtx_evr.o [2]
EvrRtxEventFlagsWaitTimeout
                              0xb2d     0x2  Code  Wk  rtx_evr.o [2]
EvrRtxKernelError            0x25dd     0x2  Code  Wk  rtx_evr.o [2]
EvrRtxKernelGetState         0x2625     0x2  Code  Wk  rtx_evr.o [2]
EvrRtxKernelInitialize       0x26a1     0x2  Code  Wk  rtx_evr.o [2]
EvrRtxKernelInitialized
                             0x2623     0x2  Code  Wk  rtx_evr.o [2]
EvrRtxKernelStart            0x26a3     0x2  Code  Wk  rtx_evr.o [2]
EvrRtxKernelStarted          0x269d     0x2  Code  Wk  rtx_evr.o [2]
EvrRtxMemoryAlloc             0xd9f     0x2  Code  Wk  rtx_evr.o [2]
EvrRtxMemoryBlockAlloc        0xd9b     0x2  Code  Wk  rtx_evr.o [2]
EvrRtxMemoryBlockFree         0xd9d     0x2  Code  Wk  rtx_evr.o [2]
EvrRtxMemoryBlockInit         0xd99     0x2  Code  Wk  rtx_evr.o [2]
EvrRtxMemoryFree              0xdd3     0x2  Code  Wk  rtx_evr.o [2]
EvrRtxMemoryInit             0x26a5     0x2  Code  Wk  rtx_evr.o [2]
EvrRtxMemoryPoolAllocTimeout
                              0xb33     0x2  Code  Wk  rtx_evr.o [2]
EvrRtxMessageQueueCreated
                             0x14a7     0x2  Code  Wk  rtx_evr.o [2]
EvrRtxMessageQueueError
                             0x149f     0x2  Code  Wk  rtx_evr.o [2]
EvrRtxMessageQueueGet        0x162b     0x2  Code  Wk  rtx_evr.o [2]
EvrRtxMessageQueueGetPending
                             0x14ad     0x2  Code  Wk  rtx_evr.o [2]
EvrRtxMessageQueueGetTimeout
                              0xb35     0x2  Code  Wk  rtx_evr.o [2]
EvrRtxMessageQueueInsertPending
                             0x1629     0x2  Code  Wk  rtx_evr.o [2]
EvrRtxMessageQueueInserted
                             0x149b     0x2  Code  Wk  rtx_evr.o [2]
EvrRtxMessageQueueNew        0x14b1     0x2  Code  Wk  rtx_evr.o [2]
EvrRtxMessageQueueNotInserted
                             0x14ab     0x2  Code  Wk  rtx_evr.o [2]
EvrRtxMessageQueueNotRetrieved
                             0x14af     0x2  Code  Wk  rtx_evr.o [2]
EvrRtxMessageQueuePut        0x14b3     0x2  Code  Wk  rtx_evr.o [2]
EvrRtxMessageQueuePutPending
                             0x14a9     0x2  Code  Wk  rtx_evr.o [2]
EvrRtxMessageQueuePutTimeout
                              0xb37     0x2  Code  Wk  rtx_evr.o [2]
EvrRtxMessageQueueRetrieved
                             0x149d     0x2  Code  Wk  rtx_evr.o [2]
EvrRtxMutexAcquireTimeout
                              0xb2f     0x2  Code  Wk  rtx_evr.o [2]
EvrRtxMutexAcquired           0xdd7     0x2  Code  Wk  rtx_evr.o [2]
EvrRtxMutexReleased           0xdd5     0x2  Code  Wk  rtx_evr.o [2]
EvrRtxSemaphoreAcquire       0x2343     0x2  Code  Wk  rtx_evr.o [2]
EvrRtxSemaphoreAcquirePending
                             0x233b     0x2  Code  Wk  rtx_evr.o [2]
EvrRtxSemaphoreAcquireTimeout
                              0xb31     0x2  Code  Wk  rtx_evr.o [2]
EvrRtxSemaphoreAcquired
                             0x2335     0x2  Code  Wk  rtx_evr.o [2]
EvrRtxSemaphoreCreated       0x2337     0x2  Code  Wk  rtx_evr.o [2]
EvrRtxSemaphoreError         0x2339     0x2  Code  Wk  rtx_evr.o [2]
EvrRtxSemaphoreNew           0x2341     0x2  Code  Wk  rtx_evr.o [2]
EvrRtxSemaphoreNotAcquired
                             0x233d     0x2  Code  Wk  rtx_evr.o [2]
EvrRtxSemaphoreRelease       0x2345     0x2  Code  Wk  rtx_evr.o [2]
EvrRtxSemaphoreReleased
                             0x233f     0x2  Code  Wk  rtx_evr.o [2]
EvrRtxThreadBlocked           0xb3f     0x2  Code  Wk  rtx_evr.o [2]
EvrRtxThreadCreated           0xcef     0x2  Code  Wk  rtx_evr.o [2]
EvrRtxThreadDestroyed         0xd91     0x2  Code  Wk  rtx_evr.o [2]
EvrRtxThreadError             0xc63     0x2  Code  Wk  rtx_evr.o [2]
EvrRtxThreadExit              0xd95     0x2  Code  Wk  rtx_evr.o [2]
EvrRtxThreadFlagsWaitCompleted
                              0xb41     0x2  Code  Wk  rtx_evr.o [2]
EvrRtxThreadFlagsWaitTimeout
                              0xb2b     0x2  Code  Wk  rtx_evr.o [2]
EvrRtxThreadJoined            0xd8f     0x2  Code  Wk  rtx_evr.o [2]
EvrRtxThreadNew               0xd93     0x2  Code  Wk  rtx_evr.o [2]
EvrRtxThreadPreempted         0xb3b     0x2  Code  Wk  rtx_evr.o [2]
EvrRtxThreadSwitched          0xb3d     0x2  Code  Wk  rtx_evr.o [2]
EvrRtxThreadUnblocked         0xb39     0x2  Code  Wk  rtx_evr.o [2]
EvrRtxTimerCallback          0x2ad5     0x2  Code  Wk  rtx_evr.o [2]
GPIODirModeSet               0x1bb9    0x28  Code  Gb  gpio.o [4]
GPIOIntClear                 0x1d47     0x6  Code  Gb  gpio.o [4]
GPIOIntDisable               0x1d31     0x6  Code  Gb  gpio.o [4]
GPIOIntEnable                0x1d2b     0x6  Code  Gb  gpio.o [4]
GPIOIntRegister              0x1d4d    0x14  Code  Gb  gpio.o [4]
GPIOIntStatus                0x1d37    0x10  Code  Gb  gpio.o [4]
GPIOIntTypeSet               0x1be1    0x4c  Code  Gb  gpio.o [4]
GPIOPadConfigSet             0x1c2d    0xfe  Code  Gb  gpio.o [4]
GPIOPinTypeGPIOInput         0x1d73    0x14  Code  Gb  gpio.o [4]
GPIOPinTypeGPIOOutput        0x1d87     0xa  Code  Gb  gpio.o [4]
GPIOPinWrite                 0x1d69     0x6  Code  Gb  gpio.o [4]
IntEnable                    0x1f8b    0x56  Code  Gb  interrupt.o [4]
IntRegister                  0x1f65    0x26  Code  Gb  interrupt.o [4]
LEDInit                      0x2899    0xac  Code  Gb  driverleds.o [1]
LEDWrite                     0x2963    0x58  Code  Gb  driverleds.o [1]
MessageQueueGet               0xe25    0x40  Code  Lc  rtx_msgqueue.o [2]
MessageQueuePut               0xdd9    0x4a  Code  Lc  rtx_msgqueue.o [2]
MessageQueueRemove            0xe65    0x1a  Code  Lc  rtx_msgqueue.o [2]
OS_Tick_AcknowledgeIRQ       0x168d     0xc  Code  Wk  os_systick.o [2]
OS_Tick_Enable               0x2671    0x2c  Code  Wk  os_systick.o [2]
OS_Tick_GetIRQn              0x2669     0x6  Code  Wk  os_systick.o [2]
OS_Tick_Setup                0x2629    0x40  Code  Wk  os_systick.o [2]
PendST                  0x2000'19d4     0x1  Data  Lc  os_systick.o [2]
PendSV_Handler               0x2b71          Code  Gb  irq_cm4f.o [2]
Region$$Table$$Base          0x2cac           --   Gb  - Linker created -
Region$$Table$$Limit         0x2ccc           --   Gb  - Linker created -
SVC_Handler                  0x2ad9          Code  Gb  irq_cm4f.o [2]
SysCtlClockFreqSet           0x16f5   0x204  Code  Gb  sysctl.o [4]
SysCtlPeripheralEnable       0x16d9     0x8  Code  Gb  sysctl.o [4]
SysCtlPeripheralReady        0x16b9     0x8  Code  Gb  sysctl.o [4]
SysTick_Handler              0x2b81          Code  Gb  irq_cm4f.o [2]
SystemCoreClock         0x2000'19d8     0x4  Data  Gb  system_TM4C1294_TW.o [1]
SystemInit                   0x29cd    0x1a  Code  Gb  system_TM4C1294_TW.o [1]
ThreadFlagsCheck              0x3c1    0x6c  Code  Lc  rtx_thread.o [2]
TimerInsert                  0x2a01    0x38  Code  Lc  rtx_timer.o [2]
_GPIOIntNumberGet            0x1b79    0x40  Code  Lc  gpio.o [4]
_SysCtlMemTimingGet          0x1699    0x20  Code  Lc  sysctl.o [4]
__Vectors                       0x0           --   Gb  startup_TM4C1294.o [1]
__Vectors_End                 0x3c0          Data  Gb  startup_TM4C1294.o [1]
__Vectors_Size {Abs}          0x3c0           --   Gb  startup_TM4C1294.o [1]
__aeabi_memclr               0x14a1          Code  Gb  ABImemclr.o [5]
__aeabi_memclr4               0xce9          Code  Gb  ABImemclr4.o [5]
__aeabi_memcpy               0x13f5          Code  Gb  ABImemcpy.o [5]
__aeabi_memcpy4              0x1415          Code  Gb  ABImemcpy.o [5]
__aeabi_memcpy8              0x1415          Code  Gb  ABImemcpy.o [5]
__cmain                      0x2ccd          Code  Gb  cmain.o [5]
__exit                       0x2d01    0x14  Code  Gb  exit.o [6]
__iar_Memset4_word            0xda1          Code  Gb  ABImemset48.o [5]
__iar_Memset8_word            0xda1          Code  Gb  ABImemset48.o [5]
__iar_Memset_word            0x162d          Code  Gb  ABImemset.o [5]
__iar_data_init3             0x2c3d    0x28  Code  Gb  data_init.o [5]
__iar_init_vfp               0x2d39          Code  Wk  startup_TM4C1294.o [1]
__iar_packbits_init_single3
                             0x2c05    0x38  Code  Gb  packbits_init_single.o [5]
__iar_program_start          0x2d15          Code  Gb  cstartup_M.o [5]
__iar_zero_init3              0xb43    0x3a  Code  Gb  zero_init3.o [5]
__low_level_init             0x2ceb     0x4  Code  Gb  low_level_init.o [3]
__vector_table                  0x0          Data  Gb  startup_TM4C1294.o [1]
__vector_table_0x1c            0x1c          Data  Gb  startup_TM4C1294.o [1]
_call_main                   0x2cd9          Code  Gb  cmain.o [5]
_exit                        0x2cf5          Code  Gb  cexit.o [5]
_main                        0x2ce3          Code  Gb  cmain.o [5]
buffer                  0x2000'19bc     0x8  Data  Gb  prodcons.o [1]
cheio_id                0x2000'19d0     0x4  Data  Gb  prodcons.o [1]
consumidor                   0x2743    0x38  Code  Gb  prodcons.o [1]
consumidor_id           0x2000'19c8     0x4  Data  Gb  prodcons.o [1]
count                   0x2000'19b8     0x1  Data  Gb  prodcons.o [1]
exit                         0x2cef     0x4  Code  Gb  exit.o [3]
g_pfnRAMVectors         0x2000'1400   0x26c  Data  Lc  interrupt.o [4]
g_pppui32XTALtoVCO           0x1990   0x1b0  Data  Lc  sysctl.o [4]
g_ppui32GPIOIntMapBlizzard
                             0x1dcc    0xc0  Data  Lc  gpio.o [4]
g_ppui32GPIOIntMapSnowflake
                             0x1e8c    0xd8  Data  Lc  gpio.o [4]
g_pui32EnRegs                0x1ff0    0x14  Data  Lc  interrupt.o [4]
g_pui32VCOFrequencies        0x1b70     0x8  Data  Lc  sysctl.o [4]
g_pui32Xtals                 0x1924    0x6c  Data  Lc  sysctl.o [4]
g_sXTALtoMEMTIM              0x1b40    0x30  Data  Lc  sysctl.o [4]
main                         0x277b    0x98  Code  Gb  prodcons.o [1]
onButtonDown                 0x26a9    0x28  Code  Gb  prodcons.o [1]
onButtonUp                   0x26d1    0x24  Code  Gb  prodcons.o [1]
osDelay                      0x2859    0x38  Code  Gb  rtx_delay.o [2]
osKernelGetState             0x2541    0x40  Code  Gb  rtx_kernel.o [2]
osKernelInitialize           0x2509    0x38  Code  Gb  rtx_kernel.o [2]
osKernelStart                0x2581    0x34  Code  Gb  rtx_kernel.o [2]
osMessageQueueGet            0x1351    0x90  Code  Gb  rtx_msgqueue.o [2]
osMessageQueueNew            0x1279    0x3e  Code  Gb  rtx_msgqueue.o [2]
osMessageQueuePut            0x12b9    0x98  Code  Gb  rtx_msgqueue.o [2]
osRtxConfig                  0x2b9c    0x68  Data  Gb  rtx_lib.o [1]
osRtxErrorNotify              0xd97     0x2  Code  Wk  RTX_Config.o [1]
osRtxIdleThread               0xce7     0x2  Code  Wk  RTX_Config.o [1]
osRtxInfo               0x2000'0000    0xa4  Data  Gb  rtx_kernel.o [2]
osRtxKernelPreInit           0x269f     0x2  Code  Gb  rtx_lib.o [1]
osRtxMemoryAlloc              0xc65    0x82  Code  Wk  rtx_memory.o [2]
osRtxMemoryFree               0xcf1    0x4a  Code  Wk  rtx_memory.o [2]
osRtxMemoryInit              0x25df    0x44  Code  Wk  rtx_memory.o [2]
osRtxMemoryPoolAlloc          0xbc9    0x44  Code  Gb  rtx_mempool.o [2]
osRtxMemoryPoolFree           0xc0d    0x56  Code  Gb  rtx_mempool.o [2]
osRtxMemoryPoolInit           0xb7d    0x4a  Code  Gb  rtx_mempool.o [2]
osRtxMessageQueuePostProcess
                              0xe7f    0xe6  Code  Lc  rtx_msgqueue.o [2]
osRtxMutexOwnerRelease        0xd3d    0x52  Code  Gb  rtx_mutex.o [2]
osRtxPendSV_Handler          0x1525    0x8a  Code  Gb  rtx_system.o [2]
osRtxPostProcess             0x15b1    0x6e  Code  Gb  rtx_system.o [2]
osRtxSemaphorePostProcess
                             0x2005    0x42  Code  Lc  rtx_semaphore.o [2]
osRtxThreadBlock              0x629    0x34  Code  Lc  rtx_thread.o [2]
osRtxThreadDelayInsert        0x481    0x62  Code  Lc  rtx_thread.o [2]
osRtxThreadDelayRemove        0x4e3    0x44  Code  Lc  rtx_thread.o [2]
osRtxThreadDelayTick          0x527    0xee  Code  Gb  rtx_thread.o [2]
osRtxThreadDispatch           0x679    0x54  Code  Gb  rtx_thread.o [2]
osRtxThreadFree               0x967    0x56  Code  Lc  rtx_thread.o [2]
osRtxThreadListGet            0x44f    0x14  Code  Gb  rtx_thread.o [2]
osRtxThreadListPut            0x42d    0x22  Code  Gb  rtx_thread.o [2]
osRtxThreadListRemove         0x463    0x16  Code  Gb  rtx_thread.o [2]
osRtxThreadPostProcess        0x741    0x54  Code  Lc  rtx_thread.o [2]
osRtxThreadReadyPut           0x479     0x8  Code  Gb  rtx_thread.o [2]
osRtxThreadRegPtr             0x615    0x14  Code  Gb  rtx_thread.o [2]
osRtxThreadStartup            0xa51    0x30  Code  Gb  rtx_thread.o [2]
osRtxThreadSwitch             0x65d    0x1c  Code  Gb  rtx_thread.o [2]
osRtxThreadWaitEnter          0x707    0x3a  Code  Gb  rtx_thread.o [2]
osRtxThreadWaitExit           0x6d3    0x2e  Code  Gb  rtx_thread.o [2]
osRtxTick_Handler            0x14b5    0x6e  Code  Gb  rtx_system.o [2]
osRtxTimerThread             0x2a91    0x44  Code  Wk  rtx_timer.o [2]
osRtxTimerTick               0x2a39    0x54  Code  Lc  rtx_timer.o [2]
osRtxUserSVC                 0x2d5c     0x4  Data  Wk  rtx_lib.o [1]
osSemaphoreAcquire           0x2215    0x7e  Code  Gb  rtx_semaphore.o [2]
osSemaphoreNew               0x21d5    0x3e  Code  Gb  rtx_semaphore.o [2]
osSemaphoreRelease           0x2295    0x8a  Code  Gb  rtx_semaphore.o [2]
osThreadExit                  0xacd    0x16  Code  Gb  rtx_thread.o [2]
osThreadNew                   0xa85    0x40  Code  Gb  rtx_thread.o [2]
os_idle_thread_attr          0x2c64    0x24  Data  Lc  rtx_lib.o [1]
os_idle_thread_cb       0x2000'166c    0x44  Data  Lc  rtx_lib.o [1]
os_idle_thread_stack    0x2000'16b0   0x100  Data  Lc  rtx_lib.o [1]
os_isr_queue            0x2000'1944    0x40  Data  Lc  rtx_lib.o [1]
os_mem                  0x2000'00a8  0x1000  Data  Lc  rtx_lib.o [1]
os_timer_mq_attr             0x2d44    0x18  Data  Lc  rtx_lib.o [1]
os_timer_mq_cb          0x2000'1984    0x34  Data  Lc  rtx_lib.o [1]
os_timer_mq_data        0x2000'18b0    0x50  Data  Lc  rtx_lib.o [1]
os_timer_thread_attr         0x2c88    0x24  Data  Lc  rtx_lib.o [1]
os_timer_thread_cb      0x2000'1900    0x44  Data  Lc  rtx_lib.o [1]
os_timer_thread_stack   0x2000'17b0   0x100  Data  Lc  rtx_lib.o [1]
produtor                     0x2709    0x3a  Code  Gb  prodcons.o [1]
produtor_id             0x2000'19c4     0x4  Data  Gb  prodcons.o [1]
svcRtxDelay                  0x2835    0x24  Code  Lc  rtx_delay.o [2]
svcRtxKernelGetState         0x245f    0x12  Code  Lc  rtx_kernel.o [2]
svcRtxKernelInitialize       0x2349   0x116  Code  Lc  rtx_kernel.o [2]
svcRtxKernelStart            0x2471    0x96  Code  Lc  rtx_kernel.o [2]
svcRtxMessageQueueGet        0x1169    0xe8  Code  Lc  rtx_msgqueue.o [2]
svcRtxMessageQueueNew         0xf65   0x130  Code  Lc  rtx_msgqueue.o [2]
svcRtxMessageQueuePut        0x1095    0xd4  Code  Lc  rtx_msgqueue.o [2]
svcRtxSemaphoreAcquire       0x20e1    0x6e  Code  Lc  rtx_semaphore.o [2]
svcRtxSemaphoreNew           0x2047    0x98  Code  Lc  rtx_semaphore.o [2]
svcRtxSemaphoreRelease       0x2151    0x70  Code  Lc  rtx_semaphore.o [2]
svcRtxThreadExit              0x9bd    0x8e  Code  Lc  rtx_thread.o [2]
svcRtxThreadNew               0x795   0x1cc  Code  Lc  rtx_thread.o [2]
vazio_id                0x2000'19cc     0x4  Data  Gb  prodcons.o [1]


[1] = C:\Sis_embarcados\rtos\EK-TM4C1294_RTOS_IAR8-master\Projects\prodcons\ewarm\Obj
[2] = RTX_CM.a
[3] = dl7M_tln.a
[4] = driverlib.a
[5] = rt7M_tl.a
[6] = shb_l.a

  11'380 bytes of readonly  code memory
     249 bytes of readonly  data memory
  39'385 bytes of readwrite data memory

Errors: none
Warnings: 1
